// Jest Snapshot v1, https://goo.gl/fbAQLP

exports[`Header component should render correctly with default props 1`] = `ShallowWrapper {}`;
