// Jest Snapshot v1, https://goo.gl/fbAQLP

exports[`Popover component renders without crashing 1`] = `ShallowWrapper {}`;
